Warning: You are sending unauthenticated requests to the HF Hub. Please set a HF_TOKEN to enable higher rate limits and faster downloads.
n: {'train': 10501, 'val': 3501, 'test': 3507} | tổng: 17509
tỉ lệ: {'train': 0.5997, 'val': 0.2, 'test': 0.2003}
per_class:
                train   val  test
Chinee Apple      675   225   226
Lantana           637   213   213
Parkinsonia       618   206   207
Parthenium        613   204   205
Prickly Acacia    637   212   213
Rubber Vine       605   202   202
Siam Weed         644   215   215
Snake Weed        609   203   204
Negatives        5463  1821  1822
overlap: {'train&val': 0, 'train&test': 0, 'val&test': 0} | union: 17509 | thiếu file: 0
/content/K4-Track4-Day2-LuongSyKhanh-02715/submissions/02715_luong_sy_khanh/code/train.py:160: UserWarning: Detected call of `lr_scheduler.step()` before `optimizer.step()`. In PyTorch 1.1.0 and later, you should call them in the opposite order: `optimizer.step()` before `lr_scheduler.step()`.  Failure to do this will result in PyTorch skipping the first value of the learning rate schedule. See more details at https://pytorch.org/docs/stable/optim.html#how-to-adjust-learning-rate
  scheduler.step()
[T00 s0] ep1 train_loss=0.7391 val_loss=0.3904 F1=0.8293 acc=0.8683 t=75s
[T00 s0] ep2 train_loss=0.3665 val_loss=0.2064 F1=0.9172 acc=0.9363 t=56s
[T00 s0] ep3 train_loss=0.2693 val_loss=0.2848 F1=0.8814 acc=0.9097 t=57s
[T00 s0] ep4 train_loss=0.2270 val_loss=0.2052 F1=0.9170 acc=0.9340 t=57s
[T00 s0] ep5 train_loss=0.1813 val_loss=0.1533 F1=0.9375 acc=0.9529 t=57s
[T00 s0] ep6 train_loss=0.1644 val_loss=0.2047 F1=0.9193 acc=0.9354 t=57s
[T00 s0] ep7 train_loss=0.1195 val_loss=0.1213 F1=0.9534 acc=0.9637 t=57s
[T00 s0] ep8 train_loss=0.1027 val_loss=0.1455 F1=0.9510 acc=0.9626 t=56s
[T00 s0] ep9 train_loss=0.0662 val_loss=0.1782 F1=0.9451 acc=0.9543 t=56s
[T00 s0] ep10 train_loss=0.0607 val_loss=0.1483 F1=0.9568 acc=0.9643 t=57s
[T00 s0] ep11 train_loss=0.0524 val_loss=0.1343 F1=0.9628 acc=0.9706 t=57s
[T00 s0] ep12 train_loss=0.0375 val_loss=0.1292 F1=0.9671 acc=0.9740 t=56s
DONE T00 seed0 F1=0.9671
n: {'train': 10501, 'val': 3501, 'test': 3507} | tổng: 17509
tỉ lệ: {'train': 0.5997, 'val': 0.2, 'test': 0.2003}
per_class:
                train   val  test
Chinee Apple      675   225   226
Lantana           637   213   213
Parkinsonia       618   206   207
Parthenium        613   204   205
Prickly Acacia    637   212   213
Rubber Vine       605   202   202
Siam Weed         644   215   215
Snake Weed        609   203   204
Negatives        5463  1821  1822
overlap: {'train&val': 0, 'train&test': 0, 'val&test': 0} | union: 17509 | thiếu file: 0
/content/K4-Track4-Day2-LuongSyKhanh-02715/submissions/02715_luong_sy_khanh/code/train.py:160: UserWarning: Detected call of `lr_scheduler.step()` before `optimizer.step()`. In PyTorch 1.1.0 and later, you should call them in the opposite order: `optimizer.step()` before `lr_scheduler.step()`.  Failure to do this will result in PyTorch skipping the first value of the learning rate schedule. See more details at https://pytorch.org/docs/stable/optim.html#how-to-adjust-learning-rate
  scheduler.step()
[T01 s0] ep1 train_loss=1.1783 val_loss=0.6402 F1=0.7385 acc=0.7983 t=35s
[T01 s0] ep2 train_loss=0.5706 val_loss=0.5134 F1=0.7689 acc=0.8275 t=35s
[T01 s0] ep3 train_loss=0.4820 val_loss=0.4293 F1=0.8244 acc=0.8629 t=34s
[T01 s0] ep4 train_loss=0.4350 val_loss=0.4219 F1=0.8246 acc=0.8635 t=34s
[T01 s0] ep5 train_loss=0.4121 val_loss=0.4112 F1=0.8285 acc=0.8666 t=35s
[T01 s0] ep6 train_loss=0.3969 val_loss=0.3849 F1=0.8368 acc=0.8718 t=34s
[T01 s0] ep7 train_loss=0.3734 val_loss=0.3957 F1=0.8398 acc=0.8709 t=34s
[T01 s0] ep8 train_loss=0.3654 val_loss=0.3637 F1=0.8512 acc=0.8820 t=34s
[T01 s0] ep9 train_loss=0.3575 val_loss=0.3708 F1=0.8471 acc=0.8777 t=35s
[T01 s0] ep10 train_loss=0.3532 val_loss=0.3584 F1=0.8483 acc=0.8797 t=34s
[T01 s0] ep11 train_loss=0.3506 val_loss=0.3596 F1=0.8537 acc=0.8840 t=34s
[T01 s0] ep12 train_loss=0.3436 val_loss=0.3600 F1=0.8521 acc=0.8826 t=35s
DONE T01 seed0 F1=0.8537
n: {'train': 10501, 'val': 3501, 'test': 3507} | tổng: 17509
tỉ lệ: {'train': 0.5997, 'val': 0.2, 'test': 0.2003}
per_class:
                train   val  test
Chinee Apple      675   225   226
Lantana           637   213   213
Parkinsonia       618   206   207
Parthenium        613   204   205
Prickly Acacia    637   212   213
Rubber Vine       605   202   202
Siam Weed         644   215   215
Snake Weed        609   203   204
Negatives        5463  1821  1822
overlap: {'train&val': 0, 'train&test': 0, 'val&test': 0} | union: 17509 | thiếu file: 0
/content/K4-Track4-Day2-LuongSyKhanh-02715/submissions/02715_luong_sy_khanh/code/train.py:160: UserWarning: Detected call of `lr_scheduler.step()` before `optimizer.step()`. In PyTorch 1.1.0 and later, you should call them in the opposite order: `optimizer.step()` before `lr_scheduler.step()`.  Failure to do this will result in PyTorch skipping the first value of the learning rate schedule. See more details at https://pytorch.org/docs/stable/optim.html#how-to-adjust-learning-rate
  scheduler.step()
[T02 s0] ep1 train_loss=0.6655 val_loss=0.2965 F1=0.8785 acc=0.9049 t=58s
[T02 s0] ep2 train_loss=0.3069 val_loss=0.3986 F1=0.8445 acc=0.8909 t=58s
[T02 s0] ep3 train_loss=0.2111 val_loss=0.2344 F1=0.9057 acc=0.9283 t=57s
[T02 s0] ep4 train_loss=0.1554 val_loss=0.1860 F1=0.9278 acc=0.9449 t=57s
[T02 s0] ep5 train_loss=0.1169 val_loss=0.2407 F1=0.9140 acc=0.9320 t=57s
[T02 s0] ep6 train_loss=0.0872 val_loss=0.1508 F1=0.9407 acc=0.9572 t=57s
[T02 s0] ep7 train_loss=0.0725 val_loss=0.1845 F1=0.9398 acc=0.9569 t=57s
[T02 s0] ep8 train_loss=0.0480 val_loss=0.1306 F1=0.9623 acc=0.9709 t=56s
[T02 s0] ep9 train_loss=0.0206 val_loss=0.1465 F1=0.9573 acc=0.9677 t=56s
[T02 s0] ep10 train_loss=0.0160 val_loss=0.1259 F1=0.9661 acc=0.9737 t=55s
