resnet50 fp32 1 p50=5.79 p95=8.24 p99=8.32
resnet50 fp32 32 p50=91.26 p95=92.09 p99=92.34
resnet50 amp 1 p50=7.12 p95=7.55 p99=7.83
resnet50 amp 32 p50=42.01 p95=42.79 p99=42.83
resnext50_32x4d fp32 1 p50=7.73 p95=8.44 p99=9.16
resnext50_32x4d fp32 32 p50=172.81 p95=174.68 p99=174.80
resnext50_32x4d amp 1 p50=7.12 p95=7.57 p99=8.48
resnext50_32x4d amp 32 p50=51.71 p95=52.43 p99=52.82
convnext_tiny fp32 1 p50=5.54 p95=9.18 p99=9.36
convnext_tiny fp32 32 p50=126.49 p95=127.42 p99=127.70
convnext_tiny amp 1 p50=7.49 p95=7.92 p99=8.44
convnext_tiny amp 32 p50=48.50 p95=49.60 p99=50.05
deit_small_patch16_224 fp32 1 p50=5.05 p95=5.31 p99=5.56
deit_small_patch16_224 fp32 32 p50=103.82 p95=106.27 p99=106.50
deit_small_patch16_224 amp 1 p50=6.15 p95=6.66 p99=7.12
deit_small_patch16_224 amp 32 p50=28.85 p95=29.18 p99=29.48
efficientnet_b0 fp32 1 p50=7.43 p95=8.20 p99=8.33
efficientnet_b0 fp32 32 p50=37.53 p95=38.00 p99=38.13
efficientnet_b0 amp 1 p50=10.02 p95=10.59 p99=11.24
efficientnet_b0 amp 32 p50=21.84 p95=22.13 p99=22.45
mobilenetv3_large_100 fp32 1 p50=6.06 p95=6.56 p99=6.80
mobilenetv3_large_100 fp32 32 p50=21.81 p95=22.10 p99=22.11
mobilenetv3_large_100 amp 1 p50=7.95 p95=8.43 p99=8.78
mobilenetv3_large_100 amp 32 p50=12.72 p95=16.07 p99=16.26
