### F01 (3 seed: [0, 1, 2]; 3507 ảnh)

| Chỉ số | mean ± std |
|---|---|
| top-1 accuracy | 0.9800 ± 0.0008 |
| macro-F1 | 0.9739 ± 0.0009 |
| balanced accuracy | 0.9718 ± 0.0014 |
| ECE (15 bin) | 0.0052 ± 0.0008 |
| NLL | 0.0610 ± 0.0052 |

| Lớp | Precision | Recall | F1 | Số ảnh |
|---|---|---|---|---|
| Chinee apple | 0.975 ± 0.003 | 0.932 ± 0.003 | 0.953 ± 0.003 | 226 |
| Lantana | 0.981 ± 0.005 | 0.973 ± 0.012 | 0.977 ± 0.008 | 213 |
| Parkinsonia | 0.976 ± 0.005 | 0.986 ± 0.005 | 0.981 ± 0.004 | 207 |
| Parthenium | 0.992 ± 0.010 | 0.974 ± 0.007 | 0.983 ± 0.002 | 205 |
| Prickly acacia | 0.951 ± 0.010 | 0.966 ± 0.012 | 0.958 ± 0.002 | 213 |
| Rubber vine | 0.982 ± 0.003 | 0.980 ± 0.005 | 0.981 ± 0.003 | 202 |
| Siam weed | 0.989 ± 0.003 | 0.991 ± 0.005 | 0.990 ± 0.001 | 215 |
| Snake weed | 0.956 ± 0.008 | 0.954 ± 0.016 | 0.955 ± 0.008 | 204 |
| Negative | 0.985 ± 0.001 | 0.990 ± 0.001 | 0.987 ± 0.001 | 1822 |

Đã lưu kết quả vào /kaggle/working/out/eval_out/F01_*
