### T00 (3 seed: [0, 1, 2]; 3507 ảnh)

| Chỉ số | mean ± std |
|---|---|
| top-1 accuracy | 0.9731 ± 0.0037 |
| macro-F1 | 0.9660 ± 0.0042 |
| balanced accuracy | 0.9692 ± 0.0032 |
| ECE (15 bin) | 0.0157 ± 0.0013 |
| NLL | 0.1006 ± 0.0142 |

| Lớp | Precision | Recall | F1 | Số ảnh |
|---|---|---|---|---|
| Chinee apple | 0.954 ± 0.013 | 0.944 ± 0.010 | 0.949 ± 0.002 | 226 |
| Lantana | 0.946 ± 0.022 | 0.984 ± 0.003 | 0.965 ± 0.011 | 213 |
| Parkinsonia | 0.984 ± 0.006 | 0.977 ± 0.006 | 0.981 ± 0.005 | 207 |
| Parthenium | 0.985 ± 0.013 | 0.976 ± 0.005 | 0.980 ± 0.006 | 205 |
| Prickly acacia | 0.933 ± 0.010 | 0.961 ± 0.018 | 0.947 ± 0.005 | 213 |
| Rubber vine | 0.975 ± 0.005 | 0.974 ± 0.011 | 0.974 ± 0.004 | 202 |
| Siam weed | 0.970 ± 0.007 | 0.986 ± 0.000 | 0.978 ± 0.003 | 215 |
| Snake weed | 0.936 ± 0.032 | 0.943 ± 0.010 | 0.939 ± 0.014 | 204 |
| Negative | 0.986 ± 0.002 | 0.978 ± 0.005 | 0.982 ± 0.003 | 1822 |

Đã lưu kết quả vào /kaggle/working/out/eval_out/T00_*
