Warning: You are sending unauthenticated requests to the HF Hub. Please set a HF_TOKEN to enable higher rate limits and faster downloads.
n: {'train': 10501, 'val': 3501, 'test': 3507} | tổng: 17509
tỉ lệ: {'train': 0.5997, 'val': 0.2, 'test': 0.2003}
per_class:
                train   val  test
Chinee Apple      675   225   226
Lantana           637   213   213
Parkinsonia       618   206   207
Parthenium        613   204   205
Prickly Acacia    637   212   213
Rubber Vine       605   202   202
Siam Weed         644   215   215
Snake Weed        609   203   204
Negatives        5463  1821  1822
overlap: {'train&val': 0, 'train&test': 0, 'val&test': 0} | union: 17509 | thiếu file: 0
/kaggle/working/repo/submissions/02715_luong_sy_khanh/code/train.py:160: UserWarning: Detected call of `lr_scheduler.step()` before `optimizer.step()`. In PyTorch 1.1.0 and later, you should call them in the opposite order: `optimizer.step()` before `lr_scheduler.step()`.  Failure to do this will result in PyTorch skipping the first value of the learning rate schedule. See more details at https://pytorch.org/docs/stable/optim.html#how-to-adjust-learning-rate
  scheduler.step()
[F01 s1] ep1 train_loss=0.8944 val_loss=0.5144 F1=0.7314 acc=0.8143 t=101s
[F01 s1] ep2 train_loss=0.4603 val_loss=0.2311 F1=0.8994 acc=0.9217 t=53s
[F01 s1] ep3 train_loss=0.3662 val_loss=0.2256 F1=0.9055 acc=0.9254 t=53s
[F01 s1] ep4 train_loss=0.3052 val_loss=0.1957 F1=0.9232 acc=0.9394 t=52s
[F01 s1] ep5 train_loss=0.2513 val_loss=0.1452 F1=0.9416 acc=0.9549 t=52s
[F01 s1] ep6 train_loss=0.2069 val_loss=0.1368 F1=0.9436 acc=0.9583 t=53s
[F01 s1] ep7 train_loss=0.1749 val_loss=0.0914 F1=0.9659 acc=0.9740 t=53s
[F01 s1] ep8 train_loss=0.1455 val_loss=0.0938 F1=0.9684 acc=0.9757 t=52s
[F01 s1] ep9 train_loss=0.1172 val_loss=0.0958 F1=0.9664 acc=0.9746 t=52s
[F01 s1] ep10 train_loss=0.0953 val_loss=0.0965 F1=0.9681 acc=0.9766 t=52s
[F01 s1] ep11 train_loss=0.0811 val_loss=0.0919 F1=0.9690 acc=0.9769 t=52s
[F01 s1] ep12 train_loss=0.0709 val_loss=0.0931 F1=0.9684 acc=0.9766 t=52s
DONE F01 seed1 F1=0.9690
n: {'train': 10501, 'val': 3501, 'test': 3507} | tổng: 17509
tỉ lệ: {'train': 0.5997, 'val': 0.2, 'test': 0.2003}
per_class:
                train   val  test
Chinee Apple      675   225   226
Lantana           637   213   213
Parkinsonia       618   206   207
Parthenium        613   204   205
Prickly Acacia    637   212   213
Rubber Vine       605   202   202
Siam Weed         644   215   215
Snake Weed        609   203   204
Negatives        5463  1821  1822
overlap: {'train&val': 0, 'train&test': 0, 'val&test': 0} | union: 17509 | thiếu file: 0
/kaggle/working/repo/submissions/02715_luong_sy_khanh/code/train.py:160: UserWarning: Detected call of `lr_scheduler.step()` before `optimizer.step()`. In PyTorch 1.1.0 and later, you should call them in the opposite order: `optimizer.step()` before `lr_scheduler.step()`.  Failure to do this will result in PyTorch skipping the first value of the learning rate schedule. See more details at https://pytorch.org/docs/stable/optim.html#how-to-adjust-learning-rate
  scheduler.step()
[F01 s2] ep1 train_loss=0.9025 val_loss=0.3614 F1=0.8514 acc=0.8823 t=53s
[F01 s2] ep2 train_loss=0.4608 val_loss=0.2538 F1=0.9046 acc=0.9266 t=53s
[F01 s2] ep3 train_loss=0.3604 val_loss=0.2973 F1=0.8679 acc=0.9035 t=53s
[F01 s2] ep4 train_loss=0.2994 val_loss=0.1627 F1=0.9330 acc=0.9480 t=52s
[F01 s2] ep5 train_loss=0.2445 val_loss=0.1847 F1=0.9362 acc=0.9480 t=53s
[F01 s2] ep6 train_loss=0.2042 val_loss=0.1050 F1=0.9575 acc=0.9672 t=53s
[F01 s2] ep7 train_loss=0.1721 val_loss=0.0897 F1=0.9635 acc=0.9720 t=53s
[F01 s2] ep8 train_loss=0.1479 val_loss=0.1034 F1=0.9564 acc=0.9689 t=53s
[F01 s2] ep9 train_loss=0.1148 val_loss=0.1039 F1=0.9591 acc=0.9714 t=52s
[F01 s2] ep10 train_loss=0.0952 val_loss=0.1018 F1=0.9641 acc=0.9732 t=52s
[F01 s2] ep11 train_loss=0.0817 val_loss=0.0946 F1=0.9719 acc=0.9791 t=52s
[F01 s2] ep12 train_loss=0.0783 val_loss=0.0940 F1=0.9716 acc=0.9789 t=52s
DONE F01 seed2 F1=0.9719
